src/features/dashboard/components/ContinueLearningCard.tsx(3,15): error TS2305: Module '"@/features/roadmap/types"' has no exported member 'NormalizedTopic'.
src/features/dashboard/hooks/useDashboard.ts(4,15): error TS2305: Module '"@/features/roadmap/types"' has no exported member 'NormalizedTopic'.
src/features/dashboard/hooks/useDashboard.ts(112,17): error TS2339: Property 'completed' does not exist on type '{ id: string; title: string; description: string; order: number; isOptional: boolean; difficulty: "Beginner" | "Intermediate" | "Advanced"; estimatedTime: string; subtopics: { id: string; topicId: string; ... 4 more ...; groupId?: string | undefined; }[]; }'.
src/features/roadmap/components/RoadmapPage.tsx(253,38): error TS2339: Property 'completed' does not exist on type '{ id: string; title: string; description: string; order: number; isOptional: boolean; difficulty: "Beginner" | "Intermediate" | "Advanced"; estimatedTime: string; subtopics: { id: string; topicId: string; ... 4 more ...; groupId?: string | undefined; }[]; }'.
src/features/roadmap/components/RoadmapPage.tsx(258,30): error TS2339: Property 'completed' does not exist on type '{ id: string; title: string; description: string; order: number; isOptional: boolean; difficulty: "Beginner" | "Intermediate" | "Advanced"; estimatedTime: string; subtopics: { id: string; topicId: string; ... 4 more ...; groupId?: string | undefined; }[]; }'.
src/features/roadmap/hooks/useRoadmapGeneration.ts(260,62): error TS2339: Property 'completed' does not exist on type '{ id: string; title: string; description: string; order: number; isOptional: boolean; difficulty: "Beginner" | "Intermediate" | "Advanced"; estimatedTime: string; subtopics: { id: string; topicId: string; ... 4 more ...; groupId?: string | undefined; }[]; }'.
src/features/roadmap/hooks/useRoadmapGeneration.ts(280,71): error TS2339: Property 'completed' does not exist on type '{ id: string; title: string; description: string; order: number; isOptional: boolean; difficulty: "Beginner" | "Intermediate" | "Advanced"; estimatedTime: string; subtopics: { id: string; topicId: string; ... 4 more ...; groupId?: string | undefined; }[]; }'.
src/features/roadmap/store/useRoadmapStore.ts(111,7): error TS2353: Object literal may only specify known properties, and 'completed' does not exist in type '{ id: string; title: string; description: string; order: number; isOptional: boolean; difficulty: "Beginner" | "Intermediate" | "Advanced"; estimatedTime: string; subtopics: { id: string; topicId: string; ... 4 more ...; groupId?: string | undefined; }[]; }'.
src/features/roadmap/store/useRoadmapStore.ts(111,45): error TS2339: Property 'completed' does not exist on type '{ id: string; title: string; description: string; order: number; isOptional: boolean; difficulty: "Beginner" | "Intermediate" | "Advanced"; estimatedTime: string; subtopics: { id: string; topicId: string; ... 4 more ...; groupId?: string | undefined; }[]; }'.
src/features/roadmap/store/useRoadmapStore.ts(126,54): error TS2339: Property 'completed' does not exist on type '{ id: string; title: string; description: string; order: number; isOptional: boolean; difficulty: "Beginner" | "Intermediate" | "Advanced"; estimatedTime: string; subtopics: { id: string; topicId: string; ... 4 more ...; groupId?: string | undefined; }[]; }'.
